╭─────────────────────────────────────────╮
│                                         │
│  SESSION PLAN                           │
│                                         │
│  MODE: BALANCED                         │
│                                         │
│  SUGGESTED SESSION (1H 30M AVAILABLE)   │
│  ────────────────────────────────────   │
│                                         │
│  1. Read Chapter 3  (30m)  ● AT RISK    │
│     Project: STD01                      │
│                                         │
│  2. Practice Set 2  (30m)  ● AT RISK    │
│     Project: STD01                      │
│                                         │
│  3. Weekly Reading  (15m)  ● ON TRACK   │
│     Project: LEI01                      │
│                                         │
│  Allocated: 1h 15m  |  Unallocated: 0m  │
│                                         │
│                                         │
╰─────────────────────────────────────────╯