╭───────────────────────────────────────────╮
│                                           │
│  SESSION PLAN                             │
│                                           │
│  MODE: BALANCED                           │
│                                           │
│  SUGGESTED SESSION (1H AVAILABLE)         │
│  ────────────────────────────────         │
│                                           │
│  No recommendations available.            │
│                                           │
│  Allocated: 0m  |  Unallocated: 1h        │
│                                           │
│    WARNING: No eligible work items found  │
│                                           │
│                                           │
╰───────────────────────────────────────────╯