╭────────────────────────────────────────────╮
│                                            │
│  SESSION PLAN                              │
│                                            │
│  MODE: CRITICAL                            │
│                                            │
│  SUGGESTED SESSION (1H AVAILABLE)          │
│  ────────────────────────────────          │
│                                            │
│  1. Write Introduction  (30m)  ● CRITICAL  │
│     Project: URG01                         │
│                                            │
│  2. Research Sources  (15m)  ● CRITICAL    │
│     Project: URG01                         │
│                                            │
│  Allocated: 45m  |  Unallocated: 0m        │
│                                            │
│                                            │
╰────────────────────────────────────────────╯